main.c:105:5:main	32	static
main.c:255:6:SystemClock_Config	88	static
main.c:301:13:MX_ADC1_Init	24	static
main.c:346:13:MX_ADC2_Init	24	static
main.c:391:13:MX_USART2_UART_Init	8	static
main.c:424:13:MX_USART3_UART_Init	8	static
main.c:457:13:MX_GPIO_Init	40	static
main.c:497:6:read_joystick	16	static
main.c:511:13:get_joystick_direction	16	static
main.c:523:5:read_mode	8	static
main.c:542:6:HAL_UART_RxCpltCallback	16	static
main.c:703:6:move_forward	8	static
main.c:710:6:move_backward	8	static
main.c:717:6:turn_left	8	static
main.c:724:6:turn_right	8	static
main.c:731:6:stop_motors	8	static
main.c:746:6:Error_Handler	4	static,ignoring_inline_asm
